HI-TECH Software C Compiler 

Linker command line:

--edf=C:\Program Files (x86)\HI-TECH Software\PICC\9.82\dat\en_msgs.txt -cs \
  -h+dist/default/debug\ara.X.debug.sym -z -Q16F877 -ol.obj \
  -Mdist/default/debug/ara.X.debug.map -E1 -ACONST=00h-0FFhx32 \
  -ACODE=00h-07FFhx4 -ASTRCODE=00h-01FFFh -AENTRY=00h-0FFhx32 \
  -ASTRING=00h-0FFhx32 -ABANK0=020h-06Fh -ABANK1=0A0h-0EFh \
  -ABANK2=0110h-016Fh -ABANK3=0190h-01EFh \
  -ARAM=020h-06Fh,0A0h-0EFh,0110h-016Fh,0190h-01EFh \
  -AABS1=020h-07Fh,0A0h-0EFh,0110h-016Fh,0190h-01EFh -ACOMMON=070h-07Fh \
  -ASFR0=00h-01Fh -ASFR1=080h-09Fh -ASFR2=0100h-010Fh -ASFR3=0180h-018Fh \
  -preset_vec=00h,intentry,init,end_init -ppowerup=CODE -pfunctab=CODE \
  -ACONFIG=02007h-02007h -pconfig=CONFIG -DCONFIG=2 -AIDLOC=02000h-02003h \
  -pidloc=IDLOC -DIDLOC=2 -AEEDATA=00h-0FFh/02100h -peeprom_data=EEDATA \
  -DEEDATA=2 -DCODE=2 -DSTRCODE=2 -DSTRING=2 -DCONST=2 -DENTRY=2 -k \
  C:\Users\Stefano\AppData\Local\Temp\s54c.obj \
  dist/default/debug\ara.X.debug.obj 

Object code version is 3.10

Machine type is 16F877



                Name                               Link     Load   Length Selector   Space Scale
C:\Users\Stefano\AppData\Local\Temp\s54c.obj
                end_init                              0        0        3        0       0
dist/default/debug\ara.X.debug.obj
                config                             2007     2007        1     400E       0
                text116                             660      660       21      CC0       0
                text115                             740      740       C0      E80       0
                maintext                            681      681       BF      D02       0
                cstackCOMMON                         70       70        9       70       1
                bssBANK0                             24       24        2       20       1
                bssCOMMON                            79       79        4       70       1
                cinit                               656      656        A      CAC       0
                nvBANK0                              20       20        4       20       1

TOTAL           Name                               Link     Load   Length     Space
        CLASS   CONST          

        CLASS   CODE           
                end_init                              0        0        3         0
                text116                             660      660       21         0
                text115                             740      740       C0         0
                maintext                            681      681       BF         0
                cinit                               656      656        A         0

        CLASS   STRCODE        

        CLASS   ENTRY          

        CLASS   STRING         

        CLASS   BANK0          
                bssBANK0                             24       24        2         1
                nvBANK0                              20       20        4         1

        CLASS   BANK1          

        CLASS   BANK2          

        CLASS   BANK3          

        CLASS   RAM            

        CLASS   ABS1           
                abs_s1                               7E       7E        2         1

        CLASS   COMMON         
                cstackCOMMON                         70       70        9         1
                bssCOMMON                            79       79        4         1

        CLASS   SFR0           

        CLASS   SFR1           

        CLASS   SFR2           

        CLASS   SFR3           

        CLASS   CONFIG         
                config                             2007     2007        1         0

        CLASS   IDLOC          

        CLASS   EEDATA         



SEGMENTS        Name                           Load    Length   Top    Selector   Space  Class     Delta

                reset_vec                      000000  000003  000003         0       0  CODE        2
                nvBANK0                        000020  000006  000026        20       1  BANK0       1
                cstackCOMMON                   000070  00000D  00007D        70       1  COMMON      1
                cinit                          000656  00000A  000660       CAC       0  CODE        2
                text116                        000660  000021  000681       CC0       0  CODE        2
                maintext                       000681  0000BF  000740       D02       0  CODE        2
                text115                        000740  0000C0  000800       E80       0  CODE        2
                config                         002007  000001  002008      400E       0  CONFIG      2


UNUSED ADDRESS RANGES

        Name                Unused          Largest block    Delta
        BANK0            0026-006F             4A           1
        BANK1            00A0-00EF             50           1
        BANK2            0110-016F             60           1
        BANK3            0190-01EF             60           1
        CODE             0003-0655            653           2
                         0800-1FFF            800
        COMMON           007D-007D              1           1
        CONST            0003-0655            100           2
                         0800-1FFF            100
        EEDATA           2100-21FF            100           2
        ENTRY            0003-0655            100           2
                         0800-1FFF            100
        IDLOC            2000-2003              4           2
        RAM              0026-006F             4A           1
                         00A0-00EF             50
                         0110-016F             60
                         0190-01EF             60
        SFR0             0000-001F             20           1
        SFR1             0080-009F             20           1
        SFR2             0100-010F             10           1
        SFR3             0180-018F             10           1
        STRCODE          0003-0655            653           2
                         0800-1FFF           1800
        STRING           0003-0655            100           2
                         0800-1FFF            100

                                  Symbol Table

??_DelayMs                        cstackCOMMON 0070
??_main                           cstackCOMMON 0078
??_writeOn7SegmentDisplay         cstackCOMMON 0071
?_DelayMs                         cstackCOMMON 0070
?_main                            cstackCOMMON 0074
?_writeOn7SegmentDisplay          cstackCOMMON 0070
DelayMs@_dcnt                     cstackCOMMON 0073
DelayMs@cnt                       cstackCOMMON 0071
DelayMs@i                         cstackCOMMON 0072
_CARRY                            (abs)        0018
_DDsecval                         nvBANK0      0020
_DelayMs                          text116      0660
_EEADR                            (abs)        010D
_EECON1                           (abs)        018C
_EECON2                           (abs)        018D
_EEDATA                           (abs)        010C
_GIE                              (abs)        005F
_PORTA                            (abs)        0005
_PORTB                            (abs)        0006
_PORTC                            (abs)        0007
_PORTD                            (abs)        0008
_PORTE                            (abs)        0009
_RD                               (abs)        0C60
_TRISA                            (abs)        0085
_TRISB                            (abs)        0086
_TRISC                            (abs)        0087
_TRISD                            (abs)        0088
_TRISE                            (abs)        0089
_WR                               (abs)        0C61
_WREN                             (abs)        0C62
__Habs1                           abs1         0000
__Hbank0                          bank0        0000
__Hbank1                          bank1        0000
__Hbank2                          bank2        0000
__Hbank3                          bank3        0000
__HbssBANK0                       bssBANK0     0000
__HbssCOMMON                      bssCOMMON    0000
__Hcinit                          cinit        0000
__Hclrtext                        clrtext      0000
__Hcode                           code         0000
__Hcommon                         common       0000
__Hconfig                         config       2008
__HcstackCOMMON                   cstackCOMMON 0000
__Heeprom_data                    eeprom_data  0000
__Hend_init                       end_init     0003
__Hfunctab                        functab      0000
__Hidloc                          idloc        0000
__Hinit                           init         0000
__Hintentry                       intentry     0000
__Hmaintext                       maintext     0000
__HnvBANK0                        nvBANK0      0000
__Hpowerup                        powerup      0000
__Hram                            ram          0000
__Hreset_vec                      reset_vec    0000
__Hsfr0                           sfr0         0000
__Hsfr1                           sfr1         0000
__Hsfr2                           sfr2         0000
__Hsfr3                           sfr3         0000
__Hstrings                        strings      0000
__Htext                           text         0000
__Labs1                           abs1         0000
__Lbank0                          bank0        0000
__Lbank1                          bank1        0000
__Lbank2                          bank2        0000
__Lbank3                          bank3        0000
__LbssBANK0                       bssBANK0     0000
__LbssCOMMON                      bssCOMMON    0000
__Lcinit                          cinit        0000
__Lclrtext                        clrtext      0000
__Lcode                           code         0000
__Lcommon                         common       0000
__Lconfig                         config       2007
__LcstackCOMMON                   cstackCOMMON 0000
__Leeprom_data                    eeprom_data  0000
__Lend_init                       end_init     0000
__Lfunctab                        functab      0000
__Lidloc                          idloc        0000
__Linit                           init         0000
__Lintentry                       intentry     0000
__Lmaintext                       maintext     0000
__LnvBANK0                        nvBANK0      0000
__Lpowerup                        powerup      0000
__Lram                            ram          0000
__Lreset_vec                      reset_vec    0000
__Lsfr0                           sfr0         0000
__Lsfr1                           sfr1         0000
__Lsfr2                           sfr2         0000
__Lsfr3                           sfr3         0000
__Lstrings                        strings      0000
__Ltext                           text         0000
__S0                              (abs)        2008
__S1                              (abs)        007D
__S2                              (abs)        0000
__end_of_DelayMs                  text116      0681
__end_of_main                     maintext     0740
__end_of_writeOn7SegmentDisplay   text115      0800
__pbssBANK0                       bssBANK0     0024
__pbssCOMMON                      bssCOMMON    0079
__pcstackCOMMON                   cstackCOMMON 0070
__pmaintext                       maintext     0681
__pnvBANK0                        nvBANK0      0020
__ptext115                        text115      0740
__ptext116                        text116      0660
__ptext117                        text117      0000
__size_of_DelayMs                 (abs)        0000
__size_of_main                    (abs)        0000
__size_of_writeOn7SegmentDisplay  (abs)        0000
_centsecval                       bssCOMMON    0079
_decsecval                        bssCOMMON    007B
_exit                             init         0000
_main                             maintext     0681
_secval                           bssBANK0     0024
_val                              nvBANK0      0022
_writeOn7SegmentDisplay           text115      0740
btemp                             (abs)        007E
end_of_initialization             cinit        065C
intlevel0                         functab      0000
intlevel1                         functab      0000
intlevel2                         functab      0000
intlevel3                         functab      0000
intlevel4                         functab      0000
intlevel5                         functab      0000
main@argc                         cstackCOMMON 0074
main@argv                         cstackCOMMON 0076
reset_vec                         reset_vec    0000
start                             init         0000
start_initialization              cinit        0656
writeOn7SegmentDisplay@codedvalue cstackCOMMON 0073
writeOn7SegmentDisplay@displaynum cstackCOMMON 0072
writeOn7SegmentDisplay@value      cstackCOMMON 0070
wtemp0                            (abs)        007E
